[EulceB4WaGZL#0] ^❡/❡<sent><clb>$
[/EulceB4WaGZL]
[JSIsqK_6zDde#0] %^d/d<n><acr>/dalphabet<n><m><sg><ind>$
[/JSIsqK_6zDde]
[Jl_aF6NGEbFT#0] ^'/'<apos>$
[/Jl_aF6NGEbFT]
[PztzooXYgCLy#0] ^³/³<det><qnt><un><pl>$
[/PztzooXYgCLy]
[bywdDeKqrzQg#0] ^¶/¶<sent><clb>$
[/bywdDeKqrzQg]
[tJNYlMjOFr3m#0] ^…/…<sent><clb>$
[/tJNYlMjOFr3m]
